{
  "id": "${entity.id}",
  "relatedContactInformation": "${T(com.consoleconnect.kraken.operator.gateway.func.SpelFunc).appendSellerInformation('sellerContactInformation',env.seller.name,env.seller.emailAddress,env.seller.number,mefRequestBody.relatedContactInformation)}",
  "buyerRequestedQuoteLevel": "${mefRequestBody.buyerRequestedQuoteLevel}",
  "quoteItem": [
    {
      "quoteItem": "${mefRequestBody.quoteItem[0].requestedQuoteItemTerm}}",
      "requestedQuoteItemTerm": "${mefRequestBody.quoteItem[0].requestedQuoteItemTerm}}",
      "product": "${mefRequestBody.quoteItem[0].product}",
      "state": "answered",
      "quoteItemPrice": [
        {
          "price": {
            "dutyFreeAmount": {
              "unit": "USD",
              "value": "${responseBody.results[0].price}"
            }
          }
        }
      ]
    }
  ],
  "quoteDate": "${T(com.consoleconnect.kraken.operator.core.toolkit.DateTime).nowInUTCFormatted()}",
  "externalId": "${mefRequestBody[externalId]?:''}",
  "instantSyncQuote": "${mefRequestBody[instantSyncQuote]?:''}",
  "requestedQuoteCompletionDate": "${mefRequestBody[requestedQuoteCompletionDate]?:''}",
  "quoteLevel": "${mefRequestBody.buyerRequestedQuoteLevel}",
  "state": "((mefResponseBody.quoteItem[0].quoteItemPrice[0].price.dutyFreeAmount.value==''?'unableToProvide':'approved.orderable'))"
}