{
  "id": "${entity.id}",
  "relatedContactInformation": "${T(com.consoleconnect.kraken.operator.gateway.func.SpelFunc).appendSellerInformation('sellerContactInformation',env.seller.name,env.seller.emailAddress,env.seller.number,entity.request.relatedContactInformation)}",
  "buyerRequestedQuoteLevel": "${entity.request.buyerRequestedQuoteLevel}",
  "quoteItem": [
    {
      "product": "${entity.request.quoteItem[0].product}",
      "action": "${entity.request.quoteItem[0].action}",
      "id": "${entity.request.quoteItem[0].id}",
      "state": "${entity.renderedResponse.quoteItem[0].state}",
      "quoteItemPrice": "${entity.renderedResponse.quoteItem[0].quoteItemPrice}"
    }
  ],
  "quoteDate": "${T(com.consoleconnect.kraken.operator.core.toolkit.DateTime).nowInUTCFormatted()}",
  "externalId": "${entity.request[externalId]?:''}",
  "instantSyncQuote": "${entity.request[instantSyncQuote]?:''}",
  "requestedQuoteCompletionDate": "${entity.request[requestedQuoteCompletionDate]?:''}"
}