{
  "id": "${entity.id}",
  "relatedContactInformation": "${T(com.consoleconnect.kraken.operator.gateway.func.SpelFunc).appendSellerInformation('sellerContactInformation',env.seller.name,env.seller.emailAddress,env.seller.number,entity.request.relatedContactInformation)}",
  "buyerRequestedQuoteLevel": "${entity.request.buyerRequestedQuoteLevel}",
  "quoteItem": [
    {
      "product": "${entity.request.quoteItem[0].product}",
      "state": "answered",
      "quoteItemPrice": [
        {
          "price": {
            "dutyFreeAmount": {
              "unit": "USD",
              "value": "${responseBody.results[0].price}"
            }
          }
        }
      ]
    }
  ],
  "quoteDate": "${T(com.consoleconnect.kraken.operator.core.toolkit.DateTime).nowInUTCFormatted()}",
  "externalId": "${entity.request[externalId]?:''}",
  "instantSyncQuote": "${entity.request[instantSyncQuote]?:''}",
  "requestedQuoteCompletionDate": "${entity.request[requestedQuoteCompletionDate]?:''}"
}